// Jest Snapshot v1, https://goo.gl/fbAQLP

exports[`SearchHitHead component should render with properties 1`] = `
<styled.div
  inverted={false}
>
  <styled.div>
    <Styled(SvgIconCatalogDatasetLg) />
  </styled.div>
  <styled.div>
    <styled.div>
      <styled.h2>
        <Link
          to="/datasets/123"
        >
          Test datasett
        </Link>
      </styled.h2>
    </styled.div>
  </styled.div>
</styled.div>
`;
