// Jest Snapshot v1, https://goo.gl/fbAQLP

exports[`should render ConceptsHitItem correctly 1`] = `
<article
  className="search-hit fade-in-200"
  title="Begrep: engelsk preflabel14"
>
  <span
    aria-hidden="false"
    className="uu-invisible"
  >
    SÃ¸ketreff begrep.
  </span>
  <div
    className="mb-2 d-flex flex-wrap align-items-baseline justify-content-between"
  >
    <Link
      className="search-hit__title-link"
      replace={false}
      title="API: engelsk preflabel14"
      to="/concepts/14"
    >
      <h2
        className="mr-3"
        name="engelsk preflabel14"
      >
        engelsk preflabel14
      </h2>
    </Link>
    <button
      className="btn fdk-color-link bg-transparent fdk-text-size-15 fade-in-400"
      onClick={[Function]}
      type="button"
    >
      <i
        className="fa fa-plus-circle mr-2"
      />
      Add to compare
    </button>
  </div>
  <div
    className="mb-4"
  >
    <PublisherLabel
      label="Responsible:"
      publisherItem={
        Object {
          "orgPath": "/ba/be/bi/14",
          "prefLabel": Object {
            "en": "engelsk pub preflabel14",
            "no": "norsk pub preflabel14",
          },
        }
      }
      tag="span"
    />
  </div>
  <p
    className="fdk-text-size-medium"
  >
    <span
      aria-hidden="false"
      className="uu-invisible"
    >
      Description of concept
    </span>
    engelsk definition14
  </p>
</article>
`;
