// Jest Snapshot v1, https://goo.gl/fbAQLP

exports[`should render api-SearchHitItem correctly with no props 1`] = `
<article
  className="search-hit"
>
  <span
    aria-hidden="false"
    className="uu-invisible"
  >
    Søketreff.
  </span>
</article>
`;

exports[`should render informatiomModel-SearchHitItem correctly 1`] = `
<article
  className="search-hit"
>
  <span
    aria-hidden="false"
    className="uu-invisible"
  >
    Søketreff.
  </span>
  <header>
    <SearchHitHeader
      darkThemeBackground={false}
      externalLink={false}
      nationalComponent={false}
      publisher={
        Object {
          "id": "970018131",
          "name": "UTDANNINGSDIREKTORATET",
          "orgPath": "/STAT/872417842/970018131",
          "prefLabel": Object {
            "no": "Utdanningsdirektoratet",
          },
          "uri": "http://data.brreg.no/enhetsregisteret/enhet/970018131",
        }
      }
      publisherItems={null}
      publisherLabel="Responsible:"
      publisherTag="span"
      referenceData={null}
      statusCode={null}
      tag="h2"
      theme={Array []}
      title="Enhetsregisteret"
      titleLink="/informationmodels/eadda99c-781e-4900-8f54-8dd298168382"
    />
  </header>
</article>
`;
