// Jest Snapshot v1, https://goo.gl/fbAQLP

exports[`should render DatasetKeyInfo correctly 1`] = `
<section>
  <ListRegular
    bottomMargin={true}
    title="Use of dataset"
  >
    <div
      className="d-flex list-regular--item"
    >
      <div
        className="align-self-center col-4 pl-0 fdk-text-strong"
      >
        Accesslevel
      </div>
      <div
        className="col-8 d-flex align-items-center"
      >
        <i
          className="fdk-icon-public mr-3"
        />
        <span
          className="fdk-color-offentlig"
        >
          Dataset is public
        </span>
      </div>
    </div>
  </ListRegular>
</section>
`;

exports[`should render DatasetKeyInfo correctly with no props 1`] = `<section />`;
