// Jest Snapshot v1, https://goo.gl/fbAQLP

exports[`should render DatasetsReportPage correctly 1`] = `
<section
  className="container"
>
  <div
    className="row"
  >
    <div
      className="col-md-4"
    >
      <PublishersSelect
        onChange={[Function]}
        publishers={Object {}}
        value={null}
      />
      <PublishersResolver
        onChange={[Function]}
        value={null}
      />
    </div>
    <div
      className="col-md-8"
    >
      <DatasetStatsApiStatsConceptStatsMostUsedConceptsResolver
        entityName={null}
        orgPath={null}
      />
    </div>
  </div>
</section>
`;
