// Jest Snapshot v1, https://goo.gl/fbAQLP

exports[`should render ReportPagePure correctly 1`] = `
<section
  className="container"
>
  <div
    className="row"
  >
    <div
      className="col-md-4"
    >
      <PublishersSelect
        onChange={[Function]}
        publishers={Object {}}
        value={null}
      />
      <PublishersResolver
        onChange={[Function]}
      />
    </div>
    <div
      className="col-md-8"
    >
      <ReportStats
        catalogs={null}
        entityName={null}
        fetchCatalogsIfNeeded={
          [MockFunction] {
            "calls": Array [
              Array [],
            ],
            "results": Array [
              Object {
                "type": "return",
                "value": undefined,
              },
            ],
          }
        }
        publishers={null}
      />
    </div>
  </div>
</section>
`;
