// Jest Snapshot v1, https://goo.gl/fbAQLP

exports[`should render PublishersTreePure correctly with props 1`] = `
<div>
  <div
    className="section fdk-report-tree-panel"
    key="panel0"
  >
    <TreeView
      defaultCollapsed={true}
      itemClassName="tree-view_main"
      key="Central authority|0"
      nodeLabel={
        <span
          className="mainTree-btn node"
          onClick={[Function]}
          onKeyPress={[Function]}
          role="button"
          tabIndex="0"
        >
          <strong>
            Central authority
          </strong>
        </span>
      }
    >
      <TreeView
        defaultCollapsed={true}
        itemClassName=""
        key="Arbeids- og sosialdepartementet|0"
        nodeLabel={
          <span
            className="node"
            onClick={[Function]}
            onKeyPress={[Function]}
            role="button"
            tabIndex="0"
          >
            Arbeids- og sosialdepartementet
          </span>
        }
      >
        <div
          className="node tree-view_item "
          key="Nav|0"
          onClick={[Function]}
          onKeyPress={[Function]}
          role="button"
          tabIndex="0"
        >
          Nav
        </div>
      </TreeView>
      <TreeView
        defaultCollapsed={true}
        itemClassName=""
        key="Finansdepartementet|1"
        nodeLabel={
          <span
            className="node"
            onClick={[Function]}
            onKeyPress={[Function]}
            role="button"
            tabIndex="0"
          >
            Finansdepartementet
          </span>
        }
      >
        <div
          className="node tree-view_item "
          key="Skatteetaten|0"
          onClick={[Function]}
          onKeyPress={[Function]}
          role="button"
          tabIndex="0"
        >
          Skatteetaten
        </div>
        <div
          className="node tree-view_item "
          key="Ssb|1"
          onClick={[Function]}
          onKeyPress={[Function]}
          role="button"
          tabIndex="0"
        >
          Ssb
        </div>
      </TreeView>
      <TreeView
        defaultCollapsed={true}
        itemClassName=""
        key="Forsvarsdepartementet|2"
        nodeLabel={
          <span
            className="node"
            onClick={[Function]}
            onKeyPress={[Function]}
            role="button"
            tabIndex="0"
          >
            Forsvarsdepartementet
          </span>
        }
      >
        <div
          className="node tree-view_item "
          key="Forsvaret|0"
          onClick={[Function]}
          onKeyPress={[Function]}
          role="button"
          tabIndex="0"
        >
          Forsvaret
        </div>
        <div
          className="node tree-view_item "
          key="Forsvarsbygg|1"
          onClick={[Function]}
          onKeyPress={[Function]}
          role="button"
          tabIndex="0"
        >
          Forsvarsbygg
        </div>
      </TreeView>
      <TreeView
        defaultCollapsed={true}
        itemClassName=""
        key="Helse- og omsorgsdepartementet|3"
        nodeLabel={
          <span
            className="node"
            onClick={[Function]}
            onKeyPress={[Function]}
            role="button"
            tabIndex="0"
          >
            Helse- og omsorgsdepartementet
          </span>
        }
      >
        <div
          className="node tree-view_item "
          key="Direktoratet for e-helse|0"
          onClick={[Function]}
          onKeyPress={[Function]}
          role="button"
          tabIndex="0"
        >
          Direktoratet for e-helse
        </div>
        <TreeView
          defaultCollapsed={true}
          itemClassName=""
          key="Helsedirektoratet|1"
          nodeLabel={
            <span
              className="node"
              onClick={[Function]}
              onKeyPress={[Function]}
              role="button"
              tabIndex="0"
            >
              Helsedirektoratet
            </span>
          }
        >
          <div
            className="node tree-view_item "
            key="Statens strålevern|0"
            onClick={[Function]}
            onKeyPress={[Function]}
            role="button"
            tabIndex="0"
          >
            Statens strålevern
          </div>
        </TreeView>
      </TreeView>
      <TreeView
        defaultCollapsed={true}
        itemClassName=""
        key="Justis- og beredskapsdepartementet|4"
        nodeLabel={
          <span
            className="node"
            onClick={[Function]}
            onKeyPress={[Function]}
            role="button"
            tabIndex="0"
          >
            Justis- og beredskapsdepartementet
          </span>
        }
      >
        <div
          className="node tree-view_item "
          key="Direktoratet for samfunnssikkerhet og beredskap (dsb)|0"
          onClick={[Function]}
          onKeyPress={[Function]}
          role="button"
          tabIndex="0"
        >
          Direktoratet for samfunnssikkerhet og beredskap (dsb)
        </div>
      </TreeView>
      <TreeView
        defaultCollapsed={true}
        itemClassName=""
        key="Klima- og miljødepartementet|5"
        nodeLabel={
          <span
            className="node"
            onClick={[Function]}
            onKeyPress={[Function]}
            role="button"
            tabIndex="0"
          >
            Klima- og miljødepartementet
          </span>
        }
      >
        <div
          className="node tree-view_item "
          key="Miljødirektoratet|0"
          onClick={[Function]}
          onKeyPress={[Function]}
          role="button"
          tabIndex="0"
        >
          Miljødirektoratet
        </div>
        <div
          className="node tree-view_item "
          key="Norsk polarinstitutt|1"
          onClick={[Function]}
          onKeyPress={[Function]}
          role="button"
          tabIndex="0"
        >
          Norsk polarinstitutt
        </div>
        <div
          className="node tree-view_item "
          key="Riksantikvaren|2"
          onClick={[Function]}
          onKeyPress={[Function]}
          role="button"
          tabIndex="0"
        >
          Riksantikvaren
        </div>
      </TreeView>
      <TreeView
        defaultCollapsed={true}
        itemClassName=""
        key="Kommunal- og moderniserings- departementet|6"
        nodeLabel={
          <span
            className="node"
            onClick={[Function]}
            onKeyPress={[Function]}
            role="button"
            tabIndex="0"
          >
            Kommunal- og moderniserings- departementet
          </span>
        }
      >
        <div
          className="node tree-view_item "
          key="Difi|0"
          onClick={[Function]}
          onKeyPress={[Function]}
          role="button"
          tabIndex="0"
        >
          Difi
        </div>
        <div
          className="node tree-view_item "
          key="Kartverket|1"
          onClick={[Function]}
          onKeyPress={[Function]}
          role="button"
          tabIndex="0"
        >
          Kartverket
        </div>
      </TreeView>
      <TreeView
        defaultCollapsed={true}
        itemClassName=""
        key="Kulturdepartementet|7"
        nodeLabel={
          <span
            className="node"
            onClick={[Function]}
            onKeyPress={[Function]}
            role="button"
            tabIndex="0"
          >
            Kulturdepartementet
          </span>
        }
      >
        <div
          className="node tree-view_item "
          key="Arkivverket|0"
          onClick={[Function]}
          onKeyPress={[Function]}
          role="button"
          tabIndex="0"
        >
          Arkivverket
        </div>
      </TreeView>
      <TreeView
        defaultCollapsed={true}
        itemClassName=""
        key="Kunnskapsdepartementet|8"
        nodeLabel={
          <span
            className="node"
            onClick={[Function]}
            onKeyPress={[Function]}
            role="button"
            tabIndex="0"
          >
            Kunnskapsdepartementet
          </span>
        }
      >
        <div
          className="node tree-view_item "
          key="Meteorologisk institutt|0"
          onClick={[Function]}
          onKeyPress={[Function]}
          role="button"
          tabIndex="0"
        >
          Meteorologisk institutt
        </div>
        <div
          className="node tree-view_item "
          key="Norges teknisk-naturvitenskapelige universitet ntnu|1"
          onClick={[Function]}
          onKeyPress={[Function]}
          role="button"
          tabIndex="0"
        >
          Norges teknisk-naturvitenskapelige universitet ntnu
        </div>
        <div
          className="node tree-view_item "
          key="Statens lånekasse for utdanning|2"
          onClick={[Function]}
          onKeyPress={[Function]}
          role="button"
          tabIndex="0"
        >
          Statens lånekasse for utdanning
        </div>
        <div
          className="node tree-view_item "
          key="Utdanningsdirektoratet|3"
          onClick={[Function]}
          onKeyPress={[Function]}
          role="button"
          tabIndex="0"
        >
          Utdanningsdirektoratet
        </div>
      </TreeView>
      <TreeView
        defaultCollapsed={true}
        itemClassName=""
        key="Landbruks- og matdepartementet|9"
        nodeLabel={
          <span
            className="node"
            onClick={[Function]}
            onKeyPress={[Function]}
            role="button"
            tabIndex="0"
          >
            Landbruks- og matdepartementet
          </span>
        }
      >
        <div
          className="node tree-view_item "
          key="Landbruksdirektoratet|0"
          onClick={[Function]}
          onKeyPress={[Function]}
          role="button"
          tabIndex="0"
        >
          Landbruksdirektoratet
        </div>
        <div
          className="node tree-view_item "
          key="Mattilsynet|1"
          onClick={[Function]}
          onKeyPress={[Function]}
          role="button"
          tabIndex="0"
        >
          Mattilsynet
        </div>
        <div
          className="node tree-view_item "
          key="Nibio - norsk institutt for bioøkonomi|2"
          onClick={[Function]}
          onKeyPress={[Function]}
          role="button"
          tabIndex="0"
        >
          Nibio - norsk institutt for bioøkonomi
        </div>
      </TreeView>
      <TreeView
        defaultCollapsed={true}
        itemClassName=""
        key="Nærings- og fiskeridepartementet|10"
        nodeLabel={
          <span
            className="node"
            onClick={[Function]}
            onKeyPress={[Function]}
            role="button"
            tabIndex="0"
          >
            Nærings- og fiskeridepartementet
          </span>
        }
      >
        <div
          className="node tree-view_item "
          key="Brønnøysundregistrene|0"
          onClick={[Function]}
          onKeyPress={[Function]}
          role="button"
          tabIndex="0"
        >
          Brønnøysundregistrene
        </div>
        <div
          className="node tree-view_item "
          key="Direktoratet for mineralforvaltning med bergmesteren for svalbard|1"
          onClick={[Function]}
          onKeyPress={[Function]}
          role="button"
          tabIndex="0"
        >
          Direktoratet for mineralforvaltning med bergmesteren for svalbard
        </div>
        <div
          className="node tree-view_item "
          key="Fiskeridirektoratet|2"
          onClick={[Function]}
          onKeyPress={[Function]}
          role="button"
          tabIndex="0"
        >
          Fiskeridirektoratet
        </div>
        <div
          className="node tree-view_item "
          key="Havforskningsinstituttet|3"
          onClick={[Function]}
          onKeyPress={[Function]}
          role="button"
          tabIndex="0"
        >
          Havforskningsinstituttet
        </div>
        <div
          className="node tree-view_item "
          key="Norges geologiske undersøkelse|4"
          onClick={[Function]}
          onKeyPress={[Function]}
          role="button"
          tabIndex="0"
        >
          Norges geologiske undersøkelse
        </div>
        <div
          className="node tree-view_item "
          key="Patentstyret|5"
          onClick={[Function]}
          onKeyPress={[Function]}
          role="button"
          tabIndex="0"
        >
          Patentstyret
        </div>
      </TreeView>
      <TreeView
        defaultCollapsed={true}
        itemClassName=""
        key="Olje- og energidepartementet|11"
        nodeLabel={
          <span
            className="node"
            onClick={[Function]}
            onKeyPress={[Function]}
            role="button"
            tabIndex="0"
          >
            Olje- og energidepartementet
          </span>
        }
      >
        <div
          className="node tree-view_item "
          key="Norges vassdrags- og energidirektorat (nve)|0"
          onClick={[Function]}
          onKeyPress={[Function]}
          role="button"
          tabIndex="0"
        >
          Norges vassdrags- og energidirektorat (nve)
        </div>
        <div
          className="node tree-view_item "
          key="Oljedirektoratet|1"
          onClick={[Function]}
          onKeyPress={[Function]}
          role="button"
          tabIndex="0"
        >
          Oljedirektoratet
        </div>
      </TreeView>
      <TreeView
        defaultCollapsed={true}
        itemClassName=""
        key="Samferdselsdepartementet|12"
        nodeLabel={
          <span
            className="node"
            onClick={[Function]}
            onKeyPress={[Function]}
            role="button"
            tabIndex="0"
          >
            Samferdselsdepartementet
          </span>
        }
      >
        <div
          className="node tree-view_item "
          key="Kystverket|0"
          onClick={[Function]}
          onKeyPress={[Function]}
          role="button"
          tabIndex="0"
        >
          Kystverket
        </div>
        <div
          className="node tree-view_item "
          key="Statens vegvesen|1"
          onClick={[Function]}
          onKeyPress={[Function]}
          role="button"
          tabIndex="0"
        >
          Statens vegvesen
        </div>
      </TreeView>
      <div
        className="node tree-view_item "
        key="Bane nor sf|13"
        onClick={[Function]}
        onKeyPress={[Function]}
        role="button"
        tabIndex="0"
      >
        Bane nor sf
      </div>
      <div
        className="node tree-view_item "
        key="Statskog sf|14"
        onClick={[Function]}
        onKeyPress={[Function]}
        role="button"
        tabIndex="0"
      >
        Statskog sf
      </div>
    </TreeView>
  </div>
  <div
    className="section fdk-report-tree-panel"
    key="panel1"
  >
    <TreeView
      defaultCollapsed={true}
      itemClassName="tree-view_main"
      key="County|1"
      nodeLabel={
        <span
          className="mainTree-btn node"
          onClick={[Function]}
          onKeyPress={[Function]}
          role="button"
          tabIndex="0"
        >
          <strong>
            County
          </strong>
        </span>
      }
    />
  </div>
  <div
    className="section fdk-report-tree-panel"
    key="panel2"
  >
    <TreeView
      defaultCollapsed={true}
      itemClassName="tree-view_main"
      key="Municipality|2"
      nodeLabel={
        <span
          className="mainTree-btn node"
          onClick={[Function]}
          onKeyPress={[Function]}
          role="button"
          tabIndex="0"
        >
          <strong>
            Municipality
          </strong>
        </span>
      }
    >
      <div
        className="node tree-view_item "
        key="Hitra kommune|0"
        onClick={[Function]}
        onKeyPress={[Function]}
        role="button"
        tabIndex="0"
      >
        Hitra kommune
      </div>
      <TreeView
        defaultCollapsed={true}
        itemClassName=""
        key="Oslo kommune|1"
        nodeLabel={
          <span
            className="node"
            onClick={[Function]}
            onKeyPress={[Function]}
            role="button"
            tabIndex="0"
          >
            Oslo kommune
          </span>
        }
      >
        <TreeView
          defaultCollapsed={true}
          itemClassName=""
          key="Oslo kommune byrådsavdeling for byutvikling|0"
          nodeLabel={
            <span
              className="node"
              onClick={[Function]}
              onKeyPress={[Function]}
              role="button"
              tabIndex="0"
            >
              Oslo kommune byrådsavdeling for byutvikling
            </span>
          }
        >
          <div
            className="node tree-view_item "
            key="Oslo kommune plan- og bygningsetaten|0"
            onClick={[Function]}
            onKeyPress={[Function]}
            role="button"
            tabIndex="0"
          >
            Oslo kommune plan- og bygningsetaten
          </div>
        </TreeView>
        <TreeView
          defaultCollapsed={true}
          itemClassName=""
          key="Oslo kommune byrådsavdeling for miljø og samferdsel|1"
          nodeLabel={
            <span
              className="node"
              onClick={[Function]}
              onKeyPress={[Function]}
              role="button"
              tabIndex="0"
            >
              Oslo kommune byrådsavdeling for miljø og samferdsel
            </span>
          }
        >
          <div
            className="node tree-view_item "
            key="Oslo kommune bymiljøetaten|0"
            onClick={[Function]}
            onKeyPress={[Function]}
            role="button"
            tabIndex="0"
          >
            Oslo kommune bymiljøetaten
          </div>
          <div
            className="node tree-view_item "
            key="Oslo kommune renovasjonsetaten|1"
            onClick={[Function]}
            onKeyPress={[Function]}
            role="button"
            tabIndex="0"
          >
            Oslo kommune renovasjonsetaten
          </div>
        </TreeView>
      </TreeView>
      <div
        className="node tree-view_item "
        key="Tromsø kommune|2"
        onClick={[Function]}
        onKeyPress={[Function]}
        role="button"
        tabIndex="0"
      >
        Tromsø kommune
      </div>
    </TreeView>
  </div>
  <div
    className="section fdk-report-tree-panel"
    key="panel3"
  >
    <TreeView
      defaultCollapsed={true}
      itemClassName="tree-view_main"
      key="Private|3"
      nodeLabel={
        <span
          className="mainTree-btn node"
          onClick={[Function]}
          onKeyPress={[Function]}
          role="button"
          tabIndex="0"
        >
          <strong>
            Private
          </strong>
        </span>
      }
    >
      <div
        className="node tree-view_item "
        key="Avinor as|0"
        onClick={[Function]}
        onKeyPress={[Function]}
        role="button"
        tabIndex="0"
      >
        Avinor as
      </div>
      <div
        className="node tree-view_item "
        key="Ruter as|1"
        onClick={[Function]}
        onKeyPress={[Function]}
        role="button"
        tabIndex="0"
      >
        Ruter as
      </div>
      <div
        className="node tree-view_item "
        key="Uninett norid as|2"
        onClick={[Function]}
        onKeyPress={[Function]}
        role="button"
        tabIndex="0"
      >
        Uninett norid as
      </div>
    </TreeView>
  </div>
  <div
    className="section fdk-report-tree-panel"
    key="panel4"
  >
    <TreeView
      defaultCollapsed={true}
      itemClassName="tree-view_main"
      key="Other|4"
      nodeLabel={
        <span
          className="mainTree-btn node"
          onClick={[Function]}
          onKeyPress={[Function]}
          role="button"
          tabIndex="0"
        >
          <strong>
            Other
          </strong>
        </span>
      }
    >
      <div
        className="node tree-view_item "
        key="Fylkeskommunene|0"
        onClick={[Function]}
        onKeyPress={[Function]}
        role="button"
        tabIndex="0"
      >
        Fylkeskommunene
      </div>
      <div
        className="node tree-view_item "
        key="Ks|1"
        onClick={[Function]}
        onKeyPress={[Function]}
        role="button"
        tabIndex="0"
      >
        Ks
      </div>
      <div
        className="node tree-view_item "
        key="Politidirektoratet|2"
        onClick={[Function]}
        onKeyPress={[Function]}
        role="button"
        tabIndex="0"
      >
        Politidirektoratet
      </div>
    </TreeView>
  </div>
</div>
`;
