// Jest Snapshot v1, https://goo.gl/fbAQLP

exports[`should render CompareTerms correctly 1`] = `
<div
  className="fdk-container p-4 fdk-container-compare-terms"
>
  <div
    className="d-flex align-items-baseline justify-content-between"
  >
    <h3
      className=""
    >
      Preflabel 1
    </h3>
    <button
      className="btn fdk-text-size-15 fdk-color-link bg-transparent"
      onClick={[Function]}
      type="button"
    >
      <i
        className="fa fa-minus-circle"
      />
      Â 
      Remove
    </button>
  </div>
  <div>
    <div>
      Creator 1
    </div>
  </div>
</div>
`;
