// Jest Snapshot v1, https://goo.gl/fbAQLP

exports[`should render PathNameBreadcrumb  correctly 1`] = `<span />`;

exports[`should render PathNameBreadcrumb correctly with no pathname 1`] = `<span />`;
