// Jest Snapshot v1, https://goo.gl/fbAQLP

exports[`should render DatasetReference correctly 1`] = `
<div
  className="d-flex flex-column list-regular--item mb-4"
>
  <a
    href="/datasets/43dbbfe0-ae35-43dd-8411-2e8b1e9f9276"
    title="Link to dataset reference"
  >
    <strong>
      Markagrensen
    </strong>
  </a>
  <PublisherLabel
    label="Owner: "
    publisherItem={
      Object {
        "id": "971040238",
        "naeringskode": Object {
          "code": "71.123",
          "prefLabel": Object {
            "no": "Kart og oppmåling",
          },
          "uri": "http://www.ssb.no/nace/sn2007/71.123",
        },
        "name": "STATENS KARTVERK",
        "orgPath": "/STAT/972417858/971040238",
        "organisasjonsform": "ORGL",
        "overordnetEnhet": "972417858",
        "prefLabel": Object {
          "no": "Kartverket",
        },
        "sektorkode": Object {
          "code": "1110",
          "prefLabel": Object {
            "no": "Statens forretningsdrift",
          },
          "uri": "http://www.brreg.no/sektorkode/1110",
        },
        "type": "no.dcat.datastore.domain.dcat.Publisher",
        "uri": "http://data.brreg.no/enhetsregisteret/enhet/971040238",
        "valid": true,
      }
    }
    tag="span"
  />
  <div
    className="my-3"
  >
    Datasettet avgrenser område for virkeområdet til lov 6. juni 2009 nr. 35 om naturområder i Oslo og nærliggende kommuner (markaloven) som trådte i kraft 1. september 2009. Markalovens virkeområde er fastsatt i forskrift 4. september 2015 nr. 1032 om justering av markagrensen fastlegger markalovens geografiske virkeområde med tilhørende kart.
  </div>
  <div
    className="d-flex align-items-center"
  >
    <i
      className="fa fdk-fa-left fdk-color-offentlig fdk-icon-public"
    />
    <strong
      style={
        Object {
          "marginTop": "6px",
        }
      }
    >
      Dataset is public
    </strong>
  </div>
</div>
`;

exports[`should render DatasetReference correctly with no props 1`] = `""`;
