// Jest Snapshot v1, https://goo.gl/fbAQLP

exports[`SearchFormPure component must render correct structure 1`] = `
<Route>
  <Component />
</Route>
`;
