// Jest Snapshot v1, https://goo.gl/fbAQLP

exports[`Description component should render with all props 1`] = `
<styled.div>
  <styled.div>
    <strong>
      Description
      :
    </strong>
    <p>
      test description
    </p>
  </styled.div>
</styled.div>
`;
